[10:13:02.631] Try reusing port from lock file: 53995
[10:13:02.645] Server listening on port 53995, PID 94990
[10:13:02.653] readProjectFiles, Found 68 files to read.
[10:13:02.675] Starting PAI Cloud Dev...
[10:13:03.641] [PAI SDK] createCloudSession response: {
  "code": 0,
  "msg": "success",
  "sandboxId": "vefaas-f0vkicge-9uclcppghk-d9661bo2fuiqd9p5fu20-sandbox",
  "endpoint": "https://sd62opo6oqou1ckhsuo00.apigateway-cn-beijing.volceapi.com"
}
[10:13:03.736] [PAI SDK] cloudServer.start called, appId: pai-preview-trae-72ce23d6
[10:13:04.195] [PAI SDK] Received event: log {"content":"\n> taro_template@1.0.0 dev:h5\n> npm run build:h5 -- --watch\n\n\n> taro_template@1.0.0 build:h5\n> taro build --type h5 --watch\n\n","timestamp":1783390384304}
[10:13:04.574] [PAI SDK] Received event: log {"content":"👽 Taro v4.1.9\n\n","timestamp":1783390384680}
[10:13:05.902] [PAI SDK] Received event: log {"content":"Tips:\n1. 建议开启持久化缓存功能，能有效提升二次编译速度，详情请参考: https://docs.taro.zone/docs/config-detail#cache。\n\n\n","timestamp":1783390386015}
[10:13:07.072] [PAI SDK] Received event: log {"content":"- 即将开始启动编译，请稍等~\n","timestamp":1783390387185}
[10:13:22.388] [PAI SDK] Received event: log {"content":"✅  编译成功 7/7/2026, 10:13:22 AM\n\n","timestamp":1783390402499}
[10:13:22.389] [PAI SDK] cloudServer.start response: {
  "status": "running",
  "msg": "Cloud Server started successfully.",
  "hash": "pai-preview-trae-72ce23d6"
}
[10:43:08.441] [PAI SDK] WebSocket closed, reconnecting (1/3)...
[10:43:18.549] [Global WebSocket] Suppressed error to prevent crash: Unexpected server response: 404
[10:43:18.550] [PAI SDK] WebSocket closed, reconnecting (1/3)...
[10:43:28.611] [Global WebSocket] Suppressed error to prevent crash: Unexpected server response: 404
[10:43:28.612] [PAI SDK] WebSocket closed, reconnecting (1/3)...
[10:43:38.675] [Global WebSocket] Suppressed error to prevent crash: Unexpected server response: 404
[10:43:38.675] [PAI SDK] WebSocket closed, reconnecting (1/3)...
[10:43:48.751] [Global WebSocket] Suppressed error to prevent crash: Unexpected server response: 404
[10:43:48.752] [PAI SDK] WebSocket closed, reconnecting (1/3)...
[10:43:58.836] [Global WebSocket] Suppressed error to prevent crash: Unexpected server response: 404
[10:43:58.837] [PAI SDK] WebSocket closed, reconnecting (1/3)...
[10:44:08.927] [Global WebSocket] Suppressed error to prevent crash: Unexpected server response: 404
[10:44:08.928] [PAI SDK] WebSocket closed, reconnecting (1/3)...
[10:44:19.028] [Global WebSocket] Suppressed error to prevent crash: Unexpected server response: 404
[10:44:19.028] [PAI SDK] WebSocket closed, reconnecting (1/3)...
[10:44:29.091] [Global WebSocket] Suppressed error to prevent crash: Unexpected server response: 404
[10:44:29.092] [PAI SDK] WebSocket closed, reconnecting (1/3)...
[10:44:39.177] [Global WebSocket] Suppressed error to prevent crash: Unexpected server response: 404
[10:44:39.178] [PAI SDK] WebSocket closed, reconnecting (1/3)...
[10:44:49.237] [Global WebSocket] Suppressed error to prevent crash: Unexpected server response: 404
[10:44:49.238] [PAI SDK] WebSocket closed, reconnecting (1/3)...
[10:44:59.344] [Global WebSocket] Suppressed error to prevent crash: Unexpected server response: 404
[10:44:59.345] [PAI SDK] WebSocket closed, reconnecting (1/3)...
[10:45:09.415] [Global WebSocket] Suppressed error to prevent crash: Unexpected server response: 404
[10:45:09.415] [PAI SDK] WebSocket closed, reconnecting (1/3)...
[10:45:19.491] [Global WebSocket] Suppressed error to prevent crash: Unexpected server response: 404
[10:45:19.493] [PAI SDK] WebSocket closed, reconnecting (1/3)...
[10:45:29.548] [Global WebSocket] Suppressed error to prevent crash: Unexpected server response: 404
[10:45:29.549] [PAI SDK] WebSocket closed, reconnecting (1/3)...
[10:45:39.637] [Global WebSocket] Suppressed error to prevent crash: Unexpected server response: 404
[10:45:39.637] [PAI SDK] WebSocket closed, reconnecting (1/3)...
[10:45:49.700] [Global WebSocket] Suppressed error to prevent crash: Unexpected server response: 404
[10:45:49.700] [PAI SDK] WebSocket closed, reconnecting (1/3)...
[10:45:59.791] [Global WebSocket] Suppressed error to prevent crash: Unexpected server response: 404
[10:45:59.791] [PAI SDK] WebSocket closed, reconnecting (1/3)...
[10:46:09.851] [Global WebSocket] Suppressed error to prevent crash: Unexpected server response: 404
[10:46:09.852] [PAI SDK] WebSocket closed, reconnecting (1/3)...
[10:46:19.924] [Global WebSocket] Suppressed error to prevent crash: Unexpected server response: 404
[10:46:19.925] [PAI SDK] WebSocket closed, reconnecting (1/3)...
[10:46:29.986] [Global WebSocket] Suppressed error to prevent crash: Unexpected server response: 404
[10:46:29.987] [PAI SDK] WebSocket closed, reconnecting (1/3)...
[10:46:40.061] [Global WebSocket] Suppressed error to prevent crash: Unexpected server response: 404
[10:46:40.062] [PAI SDK] WebSocket closed, reconnecting (1/3)...
[10:46:50.117] [Global WebSocket] Suppressed error to prevent crash: Unexpected server response: 404
[10:46:50.118] [PAI SDK] WebSocket closed, reconnecting (1/3)...
[10:47:00.185] [Global WebSocket] Suppressed error to prevent crash: Unexpected server response: 404
[10:47:00.185] [PAI SDK] WebSocket closed, reconnecting (1/3)...
[10:47:10.246] [Global WebSocket] Suppressed error to prevent crash: Unexpected server response: 404
[10:47:10.249] [PAI SDK] WebSocket closed, reconnecting (1/3)...
[10:47:20.321] [Global WebSocket] Suppressed error to prevent crash: Unexpected server response: 404
[10:47:20.321] [PAI SDK] WebSocket closed, reconnecting (1/3)...
[10:47:30.382] [Global WebSocket] Suppressed error to prevent crash: Unexpected server response: 404
[10:47:30.383] [PAI SDK] WebSocket closed, reconnecting (1/3)...
[10:47:40.467] [Global WebSocket] Suppressed error to prevent crash: Unexpected server response: 404
[10:47:40.468] [PAI SDK] WebSocket closed, reconnecting (1/3)...
[10:47:50.546] [Global WebSocket] Suppressed error to prevent crash: Unexpected server response: 404
[10:47:50.547] [PAI SDK] WebSocket closed, reconnecting (1/3)...
[10:48:00.611] [Global WebSocket] Suppressed error to prevent crash: Unexpected server response: 404
[10:48:00.612] [PAI SDK] WebSocket closed, reconnecting (1/3)...
[10:48:10.679] [Global WebSocket] Suppressed error to prevent crash: Unexpected server response: 404
[10:48:10.680] [PAI SDK] WebSocket closed, reconnecting (1/3)...
[10:48:20.742] [Global WebSocket] Suppressed error to prevent crash: Unexpected server response: 404
[10:48:20.743] [PAI SDK] WebSocket closed, reconnecting (1/3)...
[10:48:30.848] [Global WebSocket] Suppressed error to prevent crash: Unexpected server response: 404
[10:48:30.849] [PAI SDK] WebSocket closed, reconnecting (1/3)...
[10:48:40.941] [Global WebSocket] Suppressed error to prevent crash: Unexpected server response: 404
[10:48:40.942] [PAI SDK] WebSocket closed, reconnecting (1/3)...
[10:48:51.002] [Global WebSocket] Suppressed error to prevent crash: Unexpected server response: 404
[10:48:51.004] [PAI SDK] WebSocket closed, reconnecting (1/3)...
[10:49:01.073] [Global WebSocket] Suppressed error to prevent crash: Unexpected server response: 404
[10:49:01.073] [PAI SDK] WebSocket closed, reconnecting (1/3)...
[10:49:11.125] [Global WebSocket] Suppressed error to prevent crash: Unexpected server response: 404
[10:49:11.126] [PAI SDK] WebSocket closed, reconnecting (1/3)...
[10:49:21.198] [Global WebSocket] Suppressed error to prevent crash: Unexpected server response: 404
[10:49:21.198] [PAI SDK] WebSocket closed, reconnecting (1/3)...
[10:49:31.277] [Global WebSocket] Suppressed error to prevent crash: Unexpected server response: 404
[10:49:31.278] [PAI SDK] WebSocket closed, reconnecting (1/3)...
[10:49:41.346] [Global WebSocket] Suppressed error to prevent crash: Unexpected server response: 404
[10:49:41.347] [PAI SDK] WebSocket closed, reconnecting (1/3)...
[10:49:51.399] [Global WebSocket] Suppressed error to prevent crash: Unexpected server response: 404
[10:49:51.400] [PAI SDK] WebSocket closed, reconnecting (1/3)...
[10:50:01.477] [Global WebSocket] Suppressed error to prevent crash: Unexpected server response: 404
[10:50:01.478] [PAI SDK] WebSocket closed, reconnecting (1/3)...
[10:50:11.549] [Global WebSocket] Suppressed error to prevent crash: Unexpected server response: 404
[10:50:11.549] [PAI SDK] WebSocket closed, reconnecting (1/3)...
[10:50:21.617] [Global WebSocket] Suppressed error to prevent crash: Unexpected server response: 404
[10:50:21.617] [PAI SDK] WebSocket closed, reconnecting (1/3)...
[10:50:31.689] [Global WebSocket] Suppressed error to prevent crash: Unexpected server response: 404
[10:50:31.690] [PAI SDK] WebSocket closed, reconnecting (1/3)...
[10:50:41.757] [Global WebSocket] Suppressed error to prevent crash: Unexpected server response: 404
[10:50:41.758] [PAI SDK] WebSocket closed, reconnecting (1/3)...
[10:50:51.837] [Global WebSocket] Suppressed error to prevent crash: Unexpected server response: 404
[10:50:51.838] [PAI SDK] WebSocket closed, reconnecting (1/3)...
[10:51:01.905] [Global WebSocket] Suppressed error to prevent crash: Unexpected server response: 404
[10:51:01.906] [PAI SDK] WebSocket closed, reconnecting (1/3)...
[10:51:12.048] [Global WebSocket] Suppressed error to prevent crash: Unexpected server response: 404
[10:51:12.049] [PAI SDK] WebSocket closed, reconnecting (1/3)...
[10:51:22.125] [Global WebSocket] Suppressed error to prevent crash: Unexpected server response: 404
[10:51:22.125] [PAI SDK] WebSocket closed, reconnecting (1/3)...
[10:51:32.180] [Global WebSocket] Suppressed error to prevent crash: Unexpected server response: 404
[10:51:32.181] [PAI SDK] WebSocket closed, reconnecting (1/3)...
[10:51:42.259] [Global WebSocket] Suppressed error to prevent crash: Unexpected server response: 404
[10:51:42.259] [PAI SDK] WebSocket closed, reconnecting (1/3)...
[10:51:52.320] [Global WebSocket] Suppressed error to prevent crash: Unexpected server response: 404
[10:51:52.321] [PAI SDK] WebSocket closed, reconnecting (1/3)...
[10:52:02.393] [Global WebSocket] Suppressed error to prevent crash: Unexpected server response: 404
[10:52:02.394] [PAI SDK] WebSocket closed, reconnecting (1/3)...
[10:52:12.493] [Global WebSocket] Suppressed error to prevent crash: Unexpected server response: 404
[10:52:12.494] [PAI SDK] WebSocket closed, reconnecting (1/3)...
[10:52:22.573] [Global WebSocket] Suppressed error to prevent crash: Unexpected server response: 404
[10:52:22.573] [PAI SDK] WebSocket closed, reconnecting (1/3)...
[10:52:32.642] [Global WebSocket] Suppressed error to prevent crash: Unexpected server response: 404
[10:52:32.643] [PAI SDK] WebSocket closed, reconnecting (1/3)...
[10:52:42.712] [Global WebSocket] Suppressed error to prevent crash: Unexpected server response: 404
[10:52:42.713] [PAI SDK] WebSocket closed, reconnecting (1/3)...
[10:52:52.778] [Global WebSocket] Suppressed error to prevent crash: Unexpected server response: 404
[10:52:52.780] [PAI SDK] WebSocket closed, reconnecting (1/3)...
[10:53:02.843] [Global WebSocket] Suppressed error to prevent crash: Unexpected server response: 404
[10:53:02.845] [PAI SDK] WebSocket closed, reconnecting (1/3)...
[10:53:12.906] [Global WebSocket] Suppressed error to prevent crash: Unexpected server response: 404
[10:53:12.906] [PAI SDK] WebSocket closed, reconnecting (1/3)...
[10:53:22.978] [Global WebSocket] Suppressed error to prevent crash: Unexpected server response: 404
[10:53:22.979] [PAI SDK] WebSocket closed, reconnecting (1/3)...
[10:53:33.034] [Global WebSocket] Suppressed error to prevent crash: Unexpected server response: 404
[10:53:33.036] [PAI SDK] WebSocket closed, reconnecting (1/3)...
[10:53:43.108] [Global WebSocket] Suppressed error to prevent crash: Unexpected server response: 404
[10:53:43.109] [PAI SDK] WebSocket closed, reconnecting (1/3)...
[10:53:53.173] [Global WebSocket] Suppressed error to prevent crash: Unexpected server response: 404
[10:53:53.174] [PAI SDK] WebSocket closed, reconnecting (1/3)...
[10:54:03.248] [Global WebSocket] Suppressed error to prevent crash: Unexpected server response: 404
[10:54:03.249] [PAI SDK] WebSocket closed, reconnecting (1/3)...
[10:54:13.308] [Global WebSocket] Suppressed error to prevent crash: Unexpected server response: 404
[10:54:13.308] [PAI SDK] WebSocket closed, reconnecting (1/3)...
[10:54:23.387] [Global WebSocket] Suppressed error to prevent crash: Unexpected server response: 404
[10:54:23.389] [PAI SDK] WebSocket closed, reconnecting (1/3)...
[10:54:33.455] [Global WebSocket] Suppressed error to prevent crash: Unexpected server response: 404
[10:54:33.455] [PAI SDK] WebSocket closed, reconnecting (1/3)...
[10:54:43.530] [Global WebSocket] Suppressed error to prevent crash: Unexpected server response: 404
[10:54:43.531] [PAI SDK] WebSocket closed, reconnecting (1/3)...
[10:54:53.589] [Global WebSocket] Suppressed error to prevent crash: Unexpected server response: 404
[10:54:53.591] [PAI SDK] WebSocket closed, reconnecting (1/3)...
[10:55:03.673] [Global WebSocket] Suppressed error to prevent crash: Unexpected server response: 404
[10:55:03.674] [PAI SDK] WebSocket closed, reconnecting (1/3)...
[10:55:13.739] [Global WebSocket] Suppressed error to prevent crash: Unexpected server response: 404
[10:55:13.740] [PAI SDK] WebSocket closed, reconnecting (1/3)...
[10:55:23.843] [Global WebSocket] Suppressed error to prevent crash: Unexpected server response: 404
[10:55:23.843] [PAI SDK] WebSocket closed, reconnecting (1/3)...
[10:55:33.916] [Global WebSocket] Suppressed error to prevent crash: Unexpected server response: 404
[10:55:33.918] [PAI SDK] WebSocket closed, reconnecting (1/3)...
[10:55:44.006] [Global WebSocket] Suppressed error to prevent crash: Unexpected server response: 404
[10:55:44.007] [PAI SDK] WebSocket closed, reconnecting (1/3)...
[10:55:54.088] [Global WebSocket] Suppressed error to prevent crash: Unexpected server response: 404
[10:55:54.089] [PAI SDK] WebSocket closed, reconnecting (1/3)...
[10:56:04.157] [Global WebSocket] Suppressed error to prevent crash: Unexpected server response: 404
[10:56:04.158] [PAI SDK] WebSocket closed, reconnecting (1/3)...
[10:56:14.229] [Global WebSocket] Suppressed error to prevent crash: Unexpected server response: 404
[10:56:14.230] [PAI SDK] WebSocket closed, reconnecting (1/3)...
[10:56:24.317] [Global WebSocket] Suppressed error to prevent crash: Unexpected server response: 404
[10:56:24.318] [PAI SDK] WebSocket closed, reconnecting (1/3)...
[10:56:34.390] [Global WebSocket] Suppressed error to prevent crash: Unexpected server response: 404
[10:56:34.391] [PAI SDK] WebSocket closed, reconnecting (1/3)...
[10:56:44.454] [Global WebSocket] Suppressed error to prevent crash: Unexpected server response: 404
[10:56:44.455] [PAI SDK] WebSocket closed, reconnecting (1/3)...
[10:56:54.521] [Global WebSocket] Suppressed error to prevent crash: Unexpected server response: 404
[10:56:54.523] [PAI SDK] WebSocket closed, reconnecting (1/3)...
[10:57:04.601] [Global WebSocket] Suppressed error to prevent crash: Unexpected server response: 404
[10:57:04.602] [PAI SDK] WebSocket closed, reconnecting (1/3)...
[10:57:14.666] [Global WebSocket] Suppressed error to prevent crash: Unexpected server response: 404
[10:57:14.667] [PAI SDK] WebSocket closed, reconnecting (1/3)...
[10:57:24.737] [Global WebSocket] Suppressed error to prevent crash: Unexpected server response: 404
[10:57:24.738] [PAI SDK] WebSocket closed, reconnecting (1/3)...
[10:57:34.792] [Global WebSocket] Suppressed error to prevent crash: Unexpected server response: 404
[10:57:34.793] [PAI SDK] WebSocket closed, reconnecting (1/3)...
[10:57:44.874] [Global WebSocket] Suppressed error to prevent crash: Unexpected server response: 404
[10:57:44.875] [PAI SDK] WebSocket closed, reconnecting (1/3)...
[10:57:54.939] [Global WebSocket] Suppressed error to prevent crash: Unexpected server response: 404
[10:57:54.939] [PAI SDK] WebSocket closed, reconnecting (1/3)...
[10:58:05.007] [Global WebSocket] Suppressed error to prevent crash: Unexpected server response: 404
[10:58:05.008] [PAI SDK] WebSocket closed, reconnecting (1/3)...
[10:58:15.075] [Global WebSocket] Suppressed error to prevent crash: Unexpected server response: 404
[10:58:15.076] [PAI SDK] WebSocket closed, reconnecting (1/3)...
[10:58:25.140] [Global WebSocket] Suppressed error to prevent crash: Unexpected server response: 404
[10:58:25.140] [PAI SDK] WebSocket closed, reconnecting (1/3)...
[10:58:35.200] [Global WebSocket] Suppressed error to prevent crash: Unexpected server response: 404
[10:58:35.200] [PAI SDK] WebSocket closed, reconnecting (1/3)...
[10:58:45.296] [Global WebSocket] Suppressed error to prevent crash: Unexpected server response: 404
[10:58:45.297] [PAI SDK] WebSocket closed, reconnecting (1/3)...
[10:58:55.373] [Global WebSocket] Suppressed error to prevent crash: Unexpected server response: 404
[10:58:55.373] [PAI SDK] WebSocket closed, reconnecting (1/3)...
[10:59:05.435] [Global WebSocket] Suppressed error to prevent crash: Unexpected server response: 404
[10:59:05.436] [PAI SDK] WebSocket closed, reconnecting (1/3)...
[10:59:43.769] [Global WebSocket] Suppressed error to prevent crash: Unexpected server response: 404
[10:59:43.770] [PAI SDK] WebSocket closed, reconnecting (1/3)...
[10:59:53.838] [Global WebSocket] Suppressed error to prevent crash: Unexpected server response: 404
[10:59:53.839] [PAI SDK] WebSocket closed, reconnecting (1/3)...
[11:00:03.914] [Global WebSocket] Suppressed error to prevent crash: Unexpected server response: 404
[11:00:03.915] [PAI SDK] WebSocket closed, reconnecting (1/3)...
[11:00:13.981] [Global WebSocket] Suppressed error to prevent crash: Unexpected server response: 404
[11:00:13.981] [PAI SDK] WebSocket closed, reconnecting (1/3)...
[11:00:24.054] [Global WebSocket] Suppressed error to prevent crash: Unexpected server response: 404
[11:00:24.054] [PAI SDK] WebSocket closed, reconnecting (1/3)...
[11:15:32.543] Heartbeat timeout.
[11:15:32.544] Shutting down...
[11:15:32.545] Stopping Cloud Dev...
[11:15:32.627] [Global WebSocket] Suppressed error to prevent crash: Unexpected server response: 404
[11:15:32.628] [PAI SDK] WebSocket closed, reconnecting (1/3)...
